[rus.coop/lp/tula/index.html]
[backblue.gif]
[fade.gif]
[index.html]
[rus.coop/bitrix/js/ui/design-tokens/dist/ui.design-tokens.mine107.css]
[mc.yandex.ru/metrika/tag.js]
[rus.coop/bitrix/js/ui/fonts/opensans/ui.font.opensans.min8d3a.css]
[rus.coop/bitrix/js/main/popup/dist/main.popup.bundle.min4fe8.css]
[rus.coop/bitrix/js/main/loader/dist/loader.bundle.mindd5a.css]
[rus.coop/bitrix/js/ui/entity-selector/dist/entity-selector.bundle.minbbb8.css]
[rus.coop/bitrix/cache/css/s1/landing24/kernel_sidepanel/kernel_sidepanel_v1e189.css]
[rus.coop/bitrix/cache/css/s1/landing24/page_63edf433edc20c654f0493580d7e4488/page_63edf433edc20c654f0493580d7e4488_v115a2.css]
[rus.coop/bitrix/cache/css/s1/landing24/kernel_landing_assets_0ddad42d32357b31a159fc254cb59515/kernel_landing_assets_0ddad42d32357b31a159fc254cb59515_v12826.css]
[rus.coop/bitrix/cache/css/s1/landing24/template_ac3ac803e4da5d3aa14a8f66eabb8e64/template_ac3ac803e4da5d3aa14a8f66eabb8e64_v19c18.css]
[rus.coop/bitrix/js/main/core/core.min2f34.js]
[rus.coop/bitrix/js/main/core/core_promise.js]
[rus.coop/bitrix/js/main/polyfill/promise/js/promise.js]
[rus.coop/bitrix/js/main/loadext/loadext.js]
[rus.coop/bitrix/js/main/loadext/extension.js]
[rus.coop/bitrix/js/main/polyfill/find/js/find.js]
[rus.coop/bitrix/js/main/polyfill/includes/js/includes.js]
[rus.coop/bitrix/js/main/polyfill/matches/js/matches.js]
[rus.coop/bitrix/js/ui/polyfill/closest/js/closest.js]
[rus.coop/bitrix/js/main/polyfill/fill/main.polyfill.fill.js]
[rus.coop/bitrix/js/main/polyfill/core/dist/polyfill.bundle.js]
[rus.coop/bitrix/js/main/core/core.js]
[rus.coop/bitrix/js/main/polyfill/intersectionobserver/js/intersectionobserver.js]
[rus.coop/bitrix/js/main/lazyload/dist/lazyload.bundle.js]
[rus.coop/bitrix/cache/js/s1/landing24/kernel_main/kernel_main_v11dd3.js]
[rus.coop/bitrix/js/ui/dexie/dist/dexie3.bundle.minca79.js]
[rus.coop/bitrix/js/main/core/core_ls.min5ccf.js]
[rus.coop/bitrix/js/main/core/core_frame_cache.min3fe5.js]
[rus.coop/bitrix/js/main/popup/dist/main.popup.bundle.minb07f.js]
[rus.coop/bitrix/js/main/loader/dist/loader.bundle.min80e3.js]
[rus.coop/bitrix/js/ui/entity-selector/dist/entity-selector.bundle.min0758.js]
[rus.coop/bitrix/js/main/core/core_clipboard.min3704.js]
[rus.coop/bitrix/cache/js/s1/landing24/kernel_sidepanel/kernel_sidepanel_v10136.js]
[rus.coop/bitrix/cache/js/s1/landing24/kernel_landing_assets_0ddad42d32357b31a159fc254cb59515/kernel_landing_assets_0ddad42d32357b31a159fc254cb59515_v181d9.js]
[rus.coop/bitrix/js/main/pageobject/pageobject.js]
[rus.coop/bitrix/js/main/session.js]
[rus.coop/bitrix/js/main/utils.js]
[rus.coop/bitrix/js/main/core/core_window.js]
[rus.coop/bitrix/js/main/date/main.date.js]
[rus.coop/bitrix/js/main/core/core_date.js]
[rus.coop/bitrix/js/main/dd.js]
[rus.coop/bitrix/js/main/sidepanel/manager.js]
[rus.coop/bitrix/js/main/sidepanel/slider.js]
[rus.coop/bitrix/js/landing/utils/utils.js]
[rus.coop/bitrix/templates/landing24/assets/js/helpers/onscroll-animation_init.js]
[rus.coop/bitrix/templates/landing24/assets/vendor/jquery/jquery_landing.js]
[rus.coop/bitrix/templates/landing24/assets/vendor/jquery.easing/js/jquery.easing_landing.js]
[rus.coop/bitrix/templates/landing24/assets/vendor/slick-carousel/slick/slick_landing.js]
[rus.coop/bitrix/templates/landing24/assets/js/components/hs.core_landing.js]
[rus.coop/bitrix/templates/landing24/assets/js/components/hs.carousel.js]
[rus.coop/bitrix/templates/landing24/assets/js/helpers/carousel/carousel_helper.js]
[rus.coop/bitrix/templates/landing24/assets/js/helpers/carousel/base_carousel_init.js]
[rus.coop/bitrix/js/landing/mediaplayer/base_mediaplayer.js]
[rus.coop/bitrix/js/landing/mediaplayer/youtube_mediaplayer.js]
[rus.coop/bitrix/js/landing/mediaplayer/mediaplayer_factory.js]
[rus.coop/bitrix/templates/landing24/assets/vendor/fancybox/jquery.fancybox_landing.js]
[rus.coop/bitrix/templates/landing24/assets/js/helpers/popup_init.js]
[rus.coop/bitrix/templates/landing24/assets/js/helpers/inline-video.js]
[rus.coop/bitrix/templates/landing24/assets/js/helpers/gallery_cards_init.js]
[rus.coop/bitrix/templates/landing24/assets/js/helpers/upper_init.js]
[rus.coop/bitrix/js/landing/ui/tool/auto_font_scale/dist/auto_font_scale.bundle.js]
[rus.coop/bitrix/templates/landing24/assets/js/helpers/auto_font_scale_init.js]
[rus.coop/bitrix/js/landing/event-tracker/event-tracker.js]
[rus.coop/bitrix/js/landing/event-tracker/services/base-service.js]
[rus.coop/bitrix/js/landing/event-tracker/services/google-analytics-service.js]
[rus.coop/bitrix/js/landing/polyfill.js]
[rus.coop/bitrix/js/landing/events/block_event.js]
[rus.coop/bitrix/js/landing/public.js]
[rus.coop/bitrix/templates/landing24/assets/vendor/bootstrap/bootstrap.css]
[rus.coop/bitrix/templates/landing24/assets/css/custom-grid.css]
[rus.coop/bitrix/templates/landing24/theme.css]
[rus.coop/bitrix/js/landing/css/landing_public.css]
[rus.coop/bitrix/templates/landing24/assets/css/custom.css]
[rus.coop/bitrix/templates/landing24/assets/vendor/animate.css]
[rus.coop/bitrix/templates/landing24/assets/vendor/slick-carousel/slick/slick.css]
[rus.coop/bitrix/templates/landing24/assets/vendor/slick-carousel/slick/landing-slick.css]
[rus.coop/bitrix/templates/landing24/assets/vendor/icon/far/style.css]
[rus.coop/bitrix/templates/landing24/assets/vendor/fancybox/jquery.fancybox.css]
[rus.coop/bitrix/templates/landing24/assets/vendor/icon/icon-communication/style.css]
[rus.coop/bitrix/templates/landing24/assets/vendor/icon/fab/style.css]
[rus.coop/bitrix/components/bitrix/landing.pub/templates/.default/style.css]
[rus.coop/bitrix/cache/js/s1/landing24/page_4f0fd55b058f4f329bb1b59fbb50f943/page_4f0fd55b058f4f329bb1b59fbb50f943_v13136.js]
[rus.coop/upload/landing/43e/43e67f764ac424bc001e80532729facb.jpg]
[rus.coop/upload/landing/69a/69a04f330d70551534353f2766815336.jpg]
[rus.coop/upload/landing/37e/37ebc9e5217f747e46ed35d0abdc9ea1.jpg]
[rus.coop/upload/landing/59c/59ca90a402c0f41915f82b78214d77ab.jpg]
[rus.coop/upload/landing/976/976e8cea0ce21eb0f801b06299432803.jpg]
[rus.coop/upload/landing/e8a/e8abd7aa988f57acf8a82bb6db603cce.jpg]
[rus.coop/upload/files/tula/zonirovanie_.jpg]
[rus.coop/upload/landing/165/16543319fc8a421393cfc665919c61ee.png]
[rus.coop/upload/landing/3d2/3d26b7fb58c8e268b5c65098df958aa1.png]
[rus.coop/upload/landing/e43/e43bad381d57116dac4ffc04f32d8e33.jpg]
[rus.coop/upload/landing/dc6/dc65a6a73d4e62223590a360a6fccd17.png]
[img.youtube.com/vi/vKc5cXsB8Z8/sddefault.jpg]
[img.youtube.com/vi/9p3RZ1EDPks/sddefault.jpg]
[img.youtube.com/vi/0Ll9z8pwnp4/sddefault.jpg]
[img.youtube.com/vi/IISycTRZ-UA/sddefault.jpg]
[rus.coop/upload/landing/de6/de66a24d5532d9242ed22e3531d499ee.jpg]
[rus.coop/upload/landing/921/92175f82cd51bf56a5423d41acb3e6de.jpg]
[rus.coop/upload/landing/3e7/3e7733ec3a19b8f6d4e60787d81a8c08.jpg]
[rus.coop/upload/landing/046/046c6eb0a5ebe1ef74d96a8223bf7c9f.jpg]
[rus.coop/upload/landing/dd3/dd3d3fdf93632bd8c56041e7d8306cb2.png]
[rus.coop/upload/landing/f74/f74e2ebf578e0213bebf4ef93f65983b.jpg]
[rus.coop/upload/landing/75d/75d7ca991f9afca33fc27a76dc4854b0.jpg]
[rus.coop/upload/landing/b60/b60caebac3206ce80c0a5731b22b0c5b.png]
[rus.coop/upload/landing/945/9450665aac33fc2cb70440c193187d48.png]
[rus.coop/upload/landing/a9f/a9fa5cd0422a83f5710fe4d6c21b6f1d.png]
[rus.coop/upload/landing/6e5/6e53c4c8b9eefedb7c3a2a48de0c028c.png]
[rus.coop/upload/landing/57a/57a0e07c2282899163a92c1d53eb7452.jpg]
[rus.coop/upload/landing/67c/67c1e04a3a59c506d4786360e8b41a01.jpg]
[rus.coop/upload/landing/034/03408cbcb5f682ee0ee0c0be77e02a81.jpg]
[rus.coop/upload/landing/3df/3df383ba39a2da7854fe183bca5e7bfa.png]
[rus.coop/upload/landing/4d0/4d09385683a62ee2fddde0abbafa30be.png]
[rus.coop/upload/landing/b68/b68bc6baa56d1221a37a7b07eda20a9b.png]
[rus.coop/lp/tula/index.html]
[rus.coop/bitrix/js/ui/design-tokens/dist/ui.design-tokens.mine107.css]
[rus.coop/bitrix/js/ui/fonts/opensans/opensans-regular.woff]
[rus.coop/bitrix/js/ui/fonts/opensans/opensans-regular.ttf]
[rus.coop/bitrix/js/ui/fonts/opensans/opensans-light.woff]
[rus.coop/bitrix/js/ui/fonts/opensans/opensans-light.ttf]
[rus.coop/bitrix/js/ui/fonts/opensans/opensans-semibold.woff]
[rus.coop/bitrix/js/ui/fonts/opensans/opensans-semibold.ttf]
[rus.coop/bitrix/js/ui/fonts/opensans/opensans-bold.woff]
[rus.coop/bitrix/js/ui/fonts/opensans/opensans-bold.ttf]
[rus.coop/bitrix/js/ui/fonts/opensans/ui.font.opensans.min8d3a.css]
[rus.coop/bitrix/js/main/popup/dist/main.popup.bundle.min4fe8.css]
[rus.coop/bitrix/js/main/loader/dist/loader.bundle.mindd5a.css]
[rus.coop/bitrix/js/ui/entity-selector/dist/entity-selector.bundle.minbbb8.css]
[rus.coop/bitrix/js/main/sidepanel/css/images/loader.gif]
[rus.coop/bitrix/cache/css/s1/landing24/kernel_sidepanel/kernel_sidepanel_v1e189.css]
[cdn.bitrix24.site/bitrix/images/landing/patterns/pattern1.png]
[cdn.bitrix24.site/bitrix/images/landing/patterns/pattern2.png]
[cdn.bitrix24.site/bitrix/images/landing/patterns/pattern3.png]
[rus.coop/bitrix/images/landing/buttons_styles/snowflakes-left.png]
[rus.coop/bitrix/images/landing/buttons_styles/snowflakes-right.png]
[rus.coop/bitrix/cache/css/s1/landing24/kernel_landing_assets_0ddad42d32357b31a159fc254cb59515/kernel_landing_assets_0ddad42d32357b31a159fc254cb59515_v12826.css]
[rus.coop/bitrix/cache/css/s1/landing24/page_63edf433edc20c654f0493580d7e4488/page_63edf433edc20c654f0493580d7e4488_v115a2.css]
[rus.coop/bitrix/cache/css/s1/landing24/template_ac3ac803e4da5d3aa14a8f66eabb8e64/template_ac3ac803e4da5d3aa14a8f66eabb8e64_v19c18.css]
[rus.coop/bitrix/js/ui/polyfill/closest/js/closest.html]
[rus.coop/bitrix/templates/landing24/assets/vendor/bootstrap/bootstrap.css]
[rus.coop/bitrix/templates/landing24/assets/css/custom-grid.css]
[rus.coop/bitrix/images/landing/marta.jpg]
[rus.coop/bitrix/templates/landing24/theme.css]
[rus.coop/bitrix/js/landing/css/landing_public.css]
[rus.coop/bitrix/templates/landing24/assets/css/custom.css]
[rus.coop/bitrix/templates/landing24/assets/vendor/animate.css]
[rus.coop/bitrix/templates/landing24/assets/vendor/slick-carousel/slick/slick.css]
[rus.coop/bitrix/templates/landing24/assets/vendor/slick-carousel/slick/landing-slick.css]
[rus.coop/bitrix/templates/landing24/assets/vendor/icon/far/font.woff2]
[rus.coop/bitrix/templates/landing24/assets/vendor/icon/far/style.css]
[rus.coop/bitrix/templates/landing24/assets/vendor/fancybox/jquery.fancybox.css]
[rus.coop/bitrix/templates/landing24/assets/vendor/icon/icon-communication/style.css]
[rus.coop/bitrix/templates/landing24/assets/vendor/icon/icon-communication/font.woff]
[rus.coop/bitrix/templates/landing24/assets/vendor/icon/fab/font.woff2]
[rus.coop/bitrix/templates/landing24/assets/vendor/icon/fab/style.css]
[rus.coop/bitrix/components/bitrix/landing.pub/templates/.default/style.css]
